To honour the JVM settings for this build a single-use Daemon process will be forked. For more on this, please refer to https://docs.gradle.org/8.11.1/userguide/gradle_daemon.html#sec:disabling_the_daemon in the Gradle documentation.
Daemon will be stopped at the end of the build 
Configuration on demand is an incubating feature.
Calculating task graph as configuration cache cannot be reused because the set of Gradle properties has changed: 'includeRobolectric' was removed.
Type-safe project accessors is an incubating feature.

> Configure project :RateLimiter-KMP
w: Kotlin Multiplatform <-> Android Gradle Plugin compatibility issue:
The applied Android Gradle Plugin version (8.9.0) is higher 
than the maximum known to the Kotlin Gradle Plugin.
Tooling stability in such configuration isn't tested, please report encountered issues to https://kotl.in/issue

Minimum supported Android Gradle Plugin version: 7.1
Maximum tested Android Gradle Plugin version: 8.5

To suppress this message add 'kotlin.mpp.androidGradlePluginCompatibility.nowarn=true' to your gradle.properties


> Configure project :Concurrency-KMP
w: Kotlin Multiplatform <-> Android Gradle Plugin compatibility issue:
The applied Android Gradle Plugin version (8.9.0) is higher 
than the maximum known to the Kotlin Gradle Plugin.
Tooling stability in such configuration isn't tested, please report encountered issues to https://kotl.in/issue

Minimum supported Android Gradle Plugin version: 7.1
Maximum tested Android Gradle Plugin version: 8.5

To suppress this message add 'kotlin.mpp.androidGradlePluginCompatibility.nowarn=true' to your gradle.properties


> Configure project :Formatters-KMP
w: Kotlin Multiplatform <-> Android Gradle Plugin compatibility issue:
The applied Android Gradle Plugin version (8.9.0) is higher 
than the maximum known to the Kotlin Gradle Plugin.
Tooling stability in such configuration isn't tested, please report encountered issues to https://kotl.in/issue

Minimum supported Android Gradle Plugin version: 7.1
Maximum tested Android Gradle Plugin version: 8.5

To suppress this message add 'kotlin.mpp.androidGradlePluginCompatibility.nowarn=true' to your gradle.properties


> Configure project :shared
warning: Dokka Gradle plugin V1 is deprecated
    
    Dokka Gradle plugin V1 is deprecated, and will be removed in Dokka version 2.1.0
    Please migrate to Dokka Gradle plugin V2. This will require updating your project.
    To learn about migrating read the migration guide https://kotl.in/dokka-gradle-migration
    
    To start migrating to Dokka Gradle plugin V2 add
        org.jetbrains.dokka.experimental.gradle.pluginMode=V2EnabledWithHelpers
    into your project's `gradle.properties` file.
    
    We would appreciate your feedback!
     - Please report any feedback or problems https://kotl.in/dokka-issues
     - Chat with the community visit #dokka in https://kotlinlang.slack.com/ (To sign up visit https://kotl.in/slack)
    

> Task :Concurrency-KMP:preBuild UP-TO-DATE
> Task :RateLimiter-KMP:preBuild UP-TO-DATE
> Task :Document-KMP:preBuild UP-TO-DATE
> Task :Security-KMP:preBuild UP-TO-DATE
> Task :Formatters-KMP:preBuild UP-TO-DATE
> Task :Auth-KMP:preBuild UP-TO-DATE
> Task :Config-KMP:preBuild UP-TO-DATE
> Task :Database-KMP:preBuild UP-TO-DATE
> Task :Document-KMP:preDebugBuild UP-TO-DATE
> Task :Database-KMP:preDebugBuild UP-TO-DATE
> Task :Security-KMP:preDebugBuild UP-TO-DATE
> Task :Concurrency-KMP:preDebugBuild UP-TO-DATE
> Task :Auth-KMP:preDebugBuild UP-TO-DATE
> Task :RateLimiter-KMP:preDebugBuild UP-TO-DATE
> Task :Formatters-KMP:preDebugBuild UP-TO-DATE
> Task :Config-KMP:preDebugBuild UP-TO-DATE
> Task :Security-KMP:writeDebugAarMetadata UP-TO-DATE
> Task :Database-KMP:writeDebugAarMetadata UP-TO-DATE
> Task :Document-KMP:writeDebugAarMetadata UP-TO-DATE
> Task :RateLimiter-KMP:writeDebugAarMetadata UP-TO-DATE
> Task :Formatters-KMP:writeDebugAarMetadata UP-TO-DATE
> Task :Auth-KMP:writeDebugAarMetadata UP-TO-DATE
> Task :Concurrency-KMP:writeDebugAarMetadata UP-TO-DATE
> Task :Config-KMP:writeDebugAarMetadata UP-TO-DATE
> Task :Database-KMP:generateDebugResValues UP-TO-DATE
> Task :Auth-KMP:generateDebugResValues UP-TO-DATE
> Task :RateLimiter-KMP:generateDebugResValues UP-TO-DATE
> Task :Concurrency-KMP:generateDebugResValues UP-TO-DATE
> Task :Security-KMP:generateDebugResValues UP-TO-DATE
> Task :Formatters-KMP:generateDebugResValues UP-TO-DATE
> Task :Document-KMP:generateDebugResValues UP-TO-DATE
> Task :Config-KMP:generateDebugResValues UP-TO-DATE
> Task :Security-KMP:generateDebugResources UP-TO-DATE
> Task :Database-KMP:generateDebugResources UP-TO-DATE
> Task :RateLimiter-KMP:generateDebugResources UP-TO-DATE
> Task :Config-KMP:generateDebugResources UP-TO-DATE
> Task :Concurrency-KMP:generateDebugResources UP-TO-DATE
> Task :Document-KMP:generateDebugResources UP-TO-DATE
> Task :Formatters-KMP:generateDebugResources UP-TO-DATE
> Task :Auth-KMP:generateDebugResources UP-TO-DATE
> Task :Concurrency-KMP:packageDebugResources UP-TO-DATE
> Task :Auth-KMP:packageDebugResources UP-TO-DATE
> Task :Document-KMP:packageDebugResources UP-TO-DATE
> Task :Security-KMP:packageDebugResources UP-TO-DATE
> Task :RateLimiter-KMP:packageDebugResources UP-TO-DATE
> Task :Database-KMP:packageDebugResources UP-TO-DATE
> Task :Formatters-KMP:packageDebugResources UP-TO-DATE
> Task :Config-KMP:packageDebugResources UP-TO-DATE
> Task :Auth-KMP:extractDeepLinksDebug UP-TO-DATE
> Task :Config-KMP:extractDeepLinksDebug UP-TO-DATE
> Task :Concurrency-KMP:extractDeepLinksDebug UP-TO-DATE
> Task :Formatters-KMP:extractDeepLinksDebug UP-TO-DATE
> Task :Database-KMP:extractDeepLinksDebug UP-TO-DATE
> Task :RateLimiter-KMP:extractDeepLinksDebug UP-TO-DATE
> Task :Document-KMP:extractDeepLinksDebug UP-TO-DATE
> Task :Security-KMP:extractDeepLinksDebug UP-TO-DATE
> Task :Security-KMP:processDebugManifest UP-TO-DATE
> Task :Config-KMP:processDebugManifest UP-TO-DATE
> Task :Concurrency-KMP:processDebugManifest UP-TO-DATE
> Task :Auth-KMP:processDebugManifest UP-TO-DATE
> Task :Document-KMP:processDebugManifest UP-TO-DATE
> Task :Database-KMP:processDebugManifest UP-TO-DATE
> Task :Formatters-KMP:processDebugManifest UP-TO-DATE
> Task :RateLimiter-KMP:processDebugManifest UP-TO-DATE
> Task :Storage-KMP:preBuild UP-TO-DATE
> Task :shared:preBuild UP-TO-DATE
> Task :Document-KMP:compileDebugLibraryResources UP-TO-DATE
> Task :UI-Components-KMP:checkKotlinGradlePluginConfigurationErrors SKIPPED
> Task :androidApp:checkKotlinGradlePluginConfigurationErrors SKIPPED
> Task :androidApp:preBuild UP-TO-DATE
> Task :UI-Components-KMP:preBuild UP-TO-DATE
> Task :Storage-KMP:preDebugBuild UP-TO-DATE
> Task :UI-Components-KMP:generateComposeResClass SKIPPED
> Task :UI-Components-KMP:generateExpectResourceCollectorsForCommonMain SKIPPED
> Task :androidApp:preDebugBuild UP-TO-DATE
> Task :UI-Components-KMP:preDebugBuild UP-TO-DATE
> Task :Storage-KMP:writeDebugAarMetadata UP-TO-DATE
> Task :UI-Components-KMP:writeDebugAarMetadata UP-TO-DATE
> Task :Storage-KMP:generateDebugResValues UP-TO-DATE
> Task :androidApp:generateDebugBuildConfig UP-TO-DATE
> Task :UI-Components-KMP:generateDebugResValues UP-TO-DATE
> Task :commons:preBuild UP-TO-DATE
> Task :commons:preDebugBuild UP-TO-DATE
> Task :Storage-KMP:generateDebugResources UP-TO-DATE
> Task :UI-Components-KMP:generateDebugResources UP-TO-DATE
> Task :UI-Components-KMP:extractDeepLinksDebug UP-TO-DATE
> Task :commons:writeDebugAarMetadata UP-TO-DATE
> Task :shared:preDebugBuild UP-TO-DATE
> Task :UI-Components-KMP:processDebugManifest UP-TO-DATE
> Task :Storage-KMP:packageDebugResources UP-TO-DATE
> Task :UI-Components-KMP:javaPreCompileDebug UP-TO-DATE
> Task :shared:writeDebugAarMetadata UP-TO-DATE
> Task :Storage-KMP:extractDeepLinksDebug UP-TO-DATE
> Task :UI-Components-KMP:mergeDebugShaders UP-TO-DATE
> Task :UI-Components-KMP:debugAssetsCopyForAGP NO-SOURCE
> Task :UI-Components-KMP:packageDebugResources UP-TO-DATE
> Task :UI-Components-KMP:compileDebugShaders NO-SOURCE
> Task :UI-Components-KMP:convertXmlValueResourcesForCommonMain NO-SOURCE
> Task :UI-Components-KMP:convertXmlValueResourcesForAndroidDebug NO-SOURCE
> Task :UI-Components-KMP:convertXmlValueResourcesForAndroidMain NO-SOURCE
> Task :UI-Components-KMP:copyNonXmlValueResourcesForAndroidMain NO-SOURCE
> Task :UI-Components-KMP:copyNonXmlValueResourcesForAndroidDebug NO-SOURCE
> Task :UI-Components-KMP:copyNonXmlValueResourcesForCommonMain NO-SOURCE
> Task :UI-Components-KMP:compileDebugLibraryResources UP-TO-DATE
> Task :UI-Components-KMP:generateDebugAssets UP-TO-DATE
> Task :Storage-KMP:processDebugManifest UP-TO-DATE
> Task :copyRepoFiles UP-TO-DATE
> Task :androidApp:generateDebugResValues UP-TO-DATE
> Task :UI-Components-KMP:prepareComposeResourcesTaskForAndroidMain NO-SOURCE
> Task :UI-Components-KMP:generateResourceAccessorsForAndroidMain SKIPPED
> Task :UI-Components-KMP:prepareComposeResourcesTaskForCommonMain NO-SOURCE
> Task :UI-Components-KMP:prepareComposeResourcesTaskForAndroidDebug NO-SOURCE
> Task :androidApp:injectCrashlyticsMappingFileIdDebug UP-TO-DATE
> Task :Storage-KMP:parseDebugLocalResources UP-TO-DATE
> Task :commons:generateDebugResValues UP-TO-DATE
> Task :shared:generateDebugResValues UP-TO-DATE
> Task :androidApp:processDebugGoogleServices UP-TO-DATE
> Task :UI-Components-KMP:generateResourceAccessorsForAndroidDebug SKIPPED
> Task :UI-Components-KMP:generateResourceAccessorsForCommonMain SKIPPED
> Task :UI-Components-KMP:generateActualResourceCollectorsForAndroidMain SKIPPED
> Task :commons:generateDebugResources UP-TO-DATE
> Task :androidApp:createDebugCompatibleScreenManifests UP-TO-DATE
> Task :UI-Components-KMP:copyDebugComposeResourcesToAndroidAssets UP-TO-DATE
> Task :Storage-KMP:generateDebugRFile UP-TO-DATE
> Task :shared:generateDebugResources UP-TO-DATE
> Task :androidApp:extractDeepLinksDebug UP-TO-DATE
> Task :commons:extractDeepLinksDebug UP-TO-DATE
> Task :Storage-KMP:compileDebugLibraryResources UP-TO-DATE
> Task :Storage-KMP:checkKotlinGradlePluginConfigurationErrors SKIPPED
> Task :androidApp:generateDebugResources UP-TO-DATE
> Task :shared:extractDeepLinksDebug UP-TO-DATE
> Task :UI-Components-KMP:mergeDebugAssets UP-TO-DATE
> Task :commons:processDebugManifest UP-TO-DATE
> Task :commons:packageDebugResources UP-TO-DATE
> Task :shared:packageDebugResources UP-TO-DATE
> Task :commons:checkKotlinGradlePluginConfigurationErrors SKIPPED
> Task :commons:compileDebugLibraryResources UP-TO-DATE
> Task :shared:processDebugManifest UP-TO-DATE
> Task :shared:compileDebugLibraryResources UP-TO-DATE
> Task :RateLimiter-KMP:parseDebugLocalResources UP-TO-DATE
> Task :RateLimiter-KMP:generateDebugRFile UP-TO-DATE
> Task :RateLimiter-KMP:compileDebugLibraryResources UP-TO-DATE
> Task :RateLimiter-KMP:checkKotlinGradlePluginConfigurationErrors SKIPPED
> Task :commons:generateDebugBuildConfig UP-TO-DATE
> Task :commons:javaPreCompileDebug UP-TO-DATE
> Task :shared:checkKotlinGradlePluginConfigurationErrors SKIPPED
> Task :shared:convertXmlValueResourcesForAndroidMain NO-SOURCE
> Task :shared:copyNonXmlValueResourcesForAndroidMain NO-SOURCE
> Task :shared:prepareComposeResourcesTaskForAndroidMain NO-SOURCE
> Task :shared:generateResourceAccessorsForAndroidMain SKIPPED
> Task :shared:convertXmlValueResourcesForCommonMain NO-SOURCE
> Task :shared:copyNonXmlValueResourcesForCommonMain NO-SOURCE
> Task :shared:prepareComposeResourcesTaskForCommonMain NO-SOURCE
> Task :shared:generateResourceAccessorsForCommonMain SKIPPED
> Task :shared:generateActualResourceCollectorsForAndroidMain SKIPPED
> Task :shared:generateComposeResClass SKIPPED
> Task :shared:generateExpectResourceCollectorsForCommonMain SKIPPED
> Task :shared:convertXmlValueResourcesForAndroidDebug NO-SOURCE
> Task :shared:copyNonXmlValueResourcesForAndroidDebug NO-SOURCE
> Task :shared:prepareComposeResourcesTaskForAndroidDebug NO-SOURCE
> Task :shared:generateResourceAccessorsForAndroidDebug SKIPPED
> Task :shared:javaPreCompileDebug UP-TO-DATE
> Task :androidApp:javaPreCompileDebug UP-TO-DATE
> Task :androidApp:preDebugUnitTestBuild UP-TO-DATE
> Task :androidApp:javaPreCompileDebugUnitTest UP-TO-DATE
> Task :androidApp:mergeDebugShaders UP-TO-DATE
> Task :androidApp:compileDebugShaders NO-SOURCE
> Task :androidApp:generateDebugAssets UP-TO-DATE
> Task :commons:mergeDebugShaders UP-TO-DATE
> Task :commons:compileDebugShaders NO-SOURCE
> Task :commons:generateDebugAssets UP-TO-DATE
> Task :commons:mergeDebugAssets UP-TO-DATE
> Task :shared:mergeDebugShaders UP-TO-DATE
> Task :shared:compileDebugShaders NO-SOURCE
> Task :shared:copyDebugComposeResourcesToAndroidAssets UP-TO-DATE
> Task :shared:debugAssetsCopyForAGP NO-SOURCE
> Task :shared:generateDebugAssets UP-TO-DATE
> Task :shared:mergeDebugAssets UP-TO-DATE
> Task :Storage-KMP:javaPreCompileDebug UP-TO-DATE
> Task :Storage-KMP:mergeDebugShaders UP-TO-DATE
> Task :Storage-KMP:compileDebugShaders NO-SOURCE
> Task :Storage-KMP:debugAssetsCopyForAGP NO-SOURCE
> Task :Storage-KMP:generateDebugAssets UP-TO-DATE
> Task :Storage-KMP:mergeDebugAssets UP-TO-DATE
> Task :Document-KMP:checkKotlinGradlePluginConfigurationErrors SKIPPED
> Task :Document-KMP:javaPreCompileDebug UP-TO-DATE
> Task :Document-KMP:mergeDebugShaders UP-TO-DATE
> Task :Document-KMP:compileDebugShaders NO-SOURCE
> Task :Document-KMP:debugAssetsCopyForAGP NO-SOURCE
> Task :Document-KMP:generateDebugAssets UP-TO-DATE
> Task :Document-KMP:mergeDebugAssets UP-TO-DATE
> Task :Auth-KMP:compileDebugLibraryResources UP-TO-DATE
> Task :Auth-KMP:checkKotlinGradlePluginConfigurationErrors SKIPPED
> Task :Auth-KMP:javaPreCompileDebug UP-TO-DATE
> Task :Auth-KMP:mergeDebugShaders UP-TO-DATE
> Task :Auth-KMP:compileDebugShaders NO-SOURCE
> Task :Auth-KMP:debugAssetsCopyForAGP NO-SOURCE
> Task :Auth-KMP:generateDebugAssets UP-TO-DATE
> Task :Auth-KMP:mergeDebugAssets UP-TO-DATE
> Task :Database-KMP:compileDebugLibraryResources UP-TO-DATE
> Task :Database-KMP:checkKotlinGradlePluginConfigurationErrors SKIPPED
> Task :Database-KMP:javaPreCompileDebug UP-TO-DATE
> Task :Database-KMP:mergeDebugShaders UP-TO-DATE
> Task :Database-KMP:compileDebugShaders NO-SOURCE
> Task :Database-KMP:debugAssetsCopyForAGP NO-SOURCE
> Task :Database-KMP:generateDebugAssets UP-TO-DATE
> Task :Database-KMP:mergeDebugAssets UP-TO-DATE
> Task :Concurrency-KMP:compileDebugLibraryResources UP-TO-DATE
> Task :Concurrency-KMP:checkKotlinGradlePluginConfigurationErrors SKIPPED
> Task :Concurrency-KMP:javaPreCompileDebug UP-TO-DATE
> Task :Concurrency-KMP:mergeDebugShaders UP-TO-DATE
> Task :Concurrency-KMP:compileDebugShaders NO-SOURCE
> Task :Concurrency-KMP:debugAssetsCopyForAGP NO-SOURCE
> Task :Concurrency-KMP:generateDebugAssets UP-TO-DATE
> Task :Concurrency-KMP:mergeDebugAssets UP-TO-DATE
> Task :RateLimiter-KMP:javaPreCompileDebug UP-TO-DATE
> Task :RateLimiter-KMP:mergeDebugShaders UP-TO-DATE
> Task :RateLimiter-KMP:compileDebugShaders NO-SOURCE
> Task :RateLimiter-KMP:debugAssetsCopyForAGP NO-SOURCE
> Task :RateLimiter-KMP:generateDebugAssets UP-TO-DATE
> Task :RateLimiter-KMP:mergeDebugAssets UP-TO-DATE
> Task :Formatters-KMP:compileDebugLibraryResources UP-TO-DATE
> Task :Formatters-KMP:checkKotlinGradlePluginConfigurationErrors SKIPPED
> Task :Formatters-KMP:javaPreCompileDebug UP-TO-DATE
> Task :Formatters-KMP:mergeDebugShaders UP-TO-DATE
> Task :Formatters-KMP:compileDebugShaders NO-SOURCE
> Task :Formatters-KMP:debugAssetsCopyForAGP NO-SOURCE
> Task :Formatters-KMP:generateDebugAssets UP-TO-DATE
> Task :Formatters-KMP:mergeDebugAssets UP-TO-DATE
> Task :Security-KMP:compileDebugLibraryResources UP-TO-DATE
> Task :Security-KMP:checkKotlinGradlePluginConfigurationErrors SKIPPED
> Task :Security-KMP:javaPreCompileDebug UP-TO-DATE
> Task :Security-KMP:mergeDebugShaders UP-TO-DATE
> Task :Security-KMP:compileDebugShaders NO-SOURCE
> Task :Security-KMP:debugAssetsCopyForAGP NO-SOURCE
> Task :Security-KMP:generateDebugAssets UP-TO-DATE
> Task :Security-KMP:mergeDebugAssets UP-TO-DATE
> Task :Config-KMP:compileDebugLibraryResources UP-TO-DATE
> Task :Config-KMP:checkKotlinGradlePluginConfigurationErrors SKIPPED
> Task :Config-KMP:javaPreCompileDebug UP-TO-DATE
> Task :Config-KMP:mergeDebugShaders UP-TO-DATE
> Task :Config-KMP:compileDebugShaders NO-SOURCE
> Task :Config-KMP:debugAssetsCopyForAGP NO-SOURCE
> Task :Config-KMP:generateDebugAssets UP-TO-DATE
> Task :Config-KMP:mergeDebugAssets UP-TO-DATE
> Task :UI-Components-KMP:parseDebugLocalResources UP-TO-DATE
> Task :shared:parseDebugLocalResources UP-TO-DATE
> Task :Security-KMP:parseDebugLocalResources UP-TO-DATE
> Task :Security-KMP:generateDebugRFile UP-TO-DATE
> Task :UI-Components-KMP:generateDebugRFile UP-TO-DATE
> Task :commons:parseDebugLocalResources UP-TO-DATE
> Task :Config-KMP:parseDebugLocalResources UP-TO-DATE
> Task :Formatters-KMP:parseDebugLocalResources UP-TO-DATE
> Task :Database-KMP:parseDebugLocalResources UP-TO-DATE
> Task :Concurrency-KMP:parseDebugLocalResources UP-TO-DATE
> Task :Formatters-KMP:generateDebugRFile UP-TO-DATE
> Task :Config-KMP:generateDebugRFile UP-TO-DATE
> Task :Concurrency-KMP:generateDebugRFile UP-TO-DATE
> Task :Database-KMP:generateDebugRFile UP-TO-DATE
> Task :Storage-KMP:compileDebugKotlinAndroid UP-TO-DATE
> Task :androidApp:checkDebugAarMetadata UP-TO-DATE
> Task :Storage-KMP:compileDebugJavaWithJavac NO-SOURCE
> Task :Storage-KMP:bundleLibCompileToJarDebug UP-TO-DATE
> Task :Storage-KMP:processDebugJavaRes UP-TO-DATE
> Task :Storage-KMP:bundleLibRuntimeToJarDebug UP-TO-DATE
> Task :Auth-KMP:parseDebugLocalResources UP-TO-DATE
> Task :Auth-KMP:generateDebugRFile UP-TO-DATE
> Task :Security-KMP:compileDebugKotlinAndroid UP-TO-DATE
> Task :Security-KMP:compileDebugJavaWithJavac NO-SOURCE
> Task :Security-KMP:bundleLibCompileToJarDebug UP-TO-DATE
> Task :Security-KMP:processDebugJavaRes UP-TO-DATE
> Task :Security-KMP:bundleLibRuntimeToJarDebug UP-TO-DATE
> Task :Document-KMP:parseDebugLocalResources UP-TO-DATE
> Task :Document-KMP:generateDebugRFile UP-TO-DATE
> Task :androidApp:mapDebugSourceSetPaths UP-TO-DATE
> Task :androidApp:mergeDebugAssets UP-TO-DATE
> Task :commons:generateDebugRFile UP-TO-DATE
> Task :Database-KMP:compileDebugKotlinAndroid UP-TO-DATE
> Task :Database-KMP:compileDebugJavaWithJavac NO-SOURCE
> Task :Concurrency-KMP:compileDebugKotlinAndroid UP-TO-DATE
> Task :Database-KMP:bundleLibCompileToJarDebug UP-TO-DATE
> Task :Concurrency-KMP:compileDebugJavaWithJavac NO-SOURCE
> Task :Concurrency-KMP:bundleLibCompileToJarDebug UP-TO-DATE
> Task :Database-KMP:processDebugJavaRes UP-TO-DATE
> Task :Concurrency-KMP:processDebugJavaRes UP-TO-DATE
> Task :Concurrency-KMP:bundleLibRuntimeToJarDebug UP-TO-DATE
> Task :androidApp:mergeDebugResources UP-TO-DATE
> Task :Document-KMP:compileDebugKotlinAndroid UP-TO-DATE
> Task :RateLimiter-KMP:compileDebugKotlinAndroid UP-TO-DATE
> Task :Config-KMP:compileDebugKotlinAndroid UP-TO-DATE
> Task :RateLimiter-KMP:compileDebugJavaWithJavac NO-SOURCE
> Task :Document-KMP:compileDebugJavaWithJavac NO-SOURCE
> Task :Config-KMP:compileDebugJavaWithJavac NO-SOURCE
> Task :Document-KMP:bundleLibCompileToJarDebug UP-TO-DATE
> Task :RateLimiter-KMP:bundleLibCompileToJarDebug UP-TO-DATE
> Task :androidApp:processDebugMainManifest UP-TO-DATE
> Task :Config-KMP:bundleLibCompileToJarDebug UP-TO-DATE
> Task :Document-KMP:processDebugJavaRes UP-TO-DATE
> Task :Document-KMP:bundleLibRuntimeToJarDebug UP-TO-DATE
> Task :RateLimiter-KMP:bundleLibRuntimeToJarDebug UP-TO-DATE
> Task :androidApp:processDebugManifest UP-TO-DATE
> Task :Config-KMP:bundleLibRuntimeToJarDebug UP-TO-DATE
> Task :androidApp:processDebugManifestForPackage UP-TO-DATE
> Task :Database-KMP:bundleLibRuntimeToJarDebug UP-TO-DATE
> Task :RateLimiter-KMP:processDebugJavaRes UP-TO-DATE
> Task :Config-KMP:processDebugJavaRes UP-TO-DATE
> Task :shared:generateDebugRFile UP-TO-DATE
> Task :Auth-KMP:compileDebugKotlinAndroid UP-TO-DATE
> Task :Auth-KMP:compileDebugJavaWithJavac NO-SOURCE
> Task :Auth-KMP:bundleLibRuntimeToJarDebug UP-TO-DATE
> Task :Auth-KMP:processDebugJavaRes UP-TO-DATE
> Task :Auth-KMP:bundleLibCompileToJarDebug UP-TO-DATE
> Task :Formatters-KMP:compileDebugKotlinAndroid UP-TO-DATE
> Task :Formatters-KMP:compileDebugJavaWithJavac NO-SOURCE
> Task :Formatters-KMP:bundleLibCompileToJarDebug UP-TO-DATE
> Task :Formatters-KMP:processDebugJavaRes UP-TO-DATE
> Task :Formatters-KMP:bundleLibRuntimeToJarDebug UP-TO-DATE
> Task :UI-Components-KMP:compileDebugKotlinAndroid UP-TO-DATE
> Task :commons:compileDebugKotlin UP-TO-DATE
> Task :UI-Components-KMP:compileDebugJavaWithJavac NO-SOURCE
> Task :UI-Components-KMP:processDebugJavaRes UP-TO-DATE
> Task :UI-Components-KMP:bundleLibCompileToJarDebug UP-TO-DATE
> Task :commons:processDebugJavaRes UP-TO-DATE
> Task :UI-Components-KMP:bundleLibRuntimeToJarDebug UP-TO-DATE
> Task :commons:compileDebugJavaWithJavac UP-TO-DATE
> Task :commons:bundleLibCompileToJarDebug UP-TO-DATE
> Task :commons:bundleLibRuntimeToJarDebug UP-TO-DATE
> Task :androidApp:processDebugResources UP-TO-DATE
> Task :androidApp:packageDebugUnitTestForUnitTest UP-TO-DATE
> Task :androidApp:generateDebugUnitTestConfig UP-TO-DATE
> Task :shared:compileDebugKotlinAndroid UP-TO-DATE
> Task :shared:compileDebugJavaWithJavac NO-SOURCE
> Task :shared:bundleLibCompileToJarDebug UP-TO-DATE
> Task :shared:bundleLibRuntimeToJarDebug UP-TO-DATE
> Task :shared:processDebugJavaRes UP-TO-DATE
> Task :androidApp:compileDebugKotlin UP-TO-DATE
> Task :androidApp:processDebugJavaRes UP-TO-DATE
> Task :androidApp:compileDebugJavaWithJavac UP-TO-DATE
> Task :androidApp:bundleDebugClassesToRuntimeJar UP-TO-DATE
> Task :androidApp:bundleDebugClassesToCompileJar UP-TO-DATE
> Task :androidApp:compileDebugUnitTestKotlin UP-TO-DATE
> Task :androidApp:compileDebugUnitTestJavaWithJavac NO-SOURCE
> Task :androidApp:processDebugUnitTestJavaRes UP-TO-DATE

> Task :androidApp:testDebugUnitTest

FileBrowserSaveFunctionalityTests > testSaveFileWithMultilineContent PASSED

FileBrowserSaveFunctionalityTests > testSaveFileWithEmptyContent PASSED

FileBrowserSaveFunctionalityTests > testSaveFileCreatesParentDirectories PASSED

FileBrowserSaveFunctionalityTests > testLoadFileNotExists PASSED

FileBrowserSaveFunctionalityTests > testVersionCodeIsIncremented PASSED

FileBrowserSaveFunctionalityTests > testFileBrowserHandlesUnreadableDirectory PASSED

FileBrowserSaveFunctionalityTests > testCreateFileWithSAFFunctionSignature PASSED

FileBrowserSaveFunctionalityTests > testFileBrowserHandlesEmptyDirectory PASSED

FileBrowserSaveFunctionalityTests > testDeleteFile PASSED

FileBrowserSaveFunctionalityTests > testSaveFileFunctionSignature PASSED

FileBrowserSaveFunctionalityTests > testLoadFileExists PASSED

FileBrowserSaveFunctionalityTests > testDeleteNonExistentFile PASSED

FileBrowserSaveFunctionalityTests > testSaveFileWithSpecialCharacters PASSED

FileBrowserSaveFunctionalityTests > testSaveFileWithDirectAccess PASSED

FileBrowserSaveFunctionalityTests > testFileBrowserLoadsLocalDirectory PASSED

VersionConsistencyTests > testDesktopDialogsVersionStrings PASSED

VersionConsistencyTests > testWebAppVersionStrings PASSED

VersionConsistencyTests > testAndroidAppVersionStrings PASSED

VersionConsistencyTests > testDesktopBuildGradleVersion PASSED

VersionConsistencyTests > testDesktopAutomationTestVersionStrings PASSED

VersionConsistencyTests > testDesktopAppVersionStrings PASSED

VersionConsistencyTests > testNoOldVersionReferencesInCode PASSED

VersionConsistencyTests > testAndroidBuildGradleVersion PASSED

FirebaseUtilHookTest > logEvent_withNoHook_isSafeAndNoOp PASSED

FirebaseUtilHookTest > logEvent_invokesCaptureHook_withEventNameAndParams PASSED

FirebaseUtilHookTest > remoteConfigDefaults_returnedWhenConfigNotInitialized PASSED

FirebaseUtilHookTest > startTrace_invokesTraceCaptureHook_withStartedNowTrue PASSED

FirebaseUtilHookTest > hookIsScopedToTestLifetime_clearedInTearDown PASSED

FirebaseUtilHookTest > recordNonFatal_nullContextHint_passesThroughAsNull PASSED

FirebaseUtilHookTest > fetchRemoteConfig_invokesCaptureWithFalse_whenNotInitialized PASSED

FirebaseUtilHookTest > recordNonFatal_invokesCaptureHook_withThrowableAndContext PASSED

FirebaseUtilHookTest > stopTrace_invokesTraceCaptureHook_withStartedNowFalse PASSED
Kotlin build report is written to file:///Users/milosvasic/Projects/Yole/build/reports/kotlin-build/Yole-build-2026-05-13-12-48-20-0.txt
[Incubating] Problems report is available at: file:///Users/milosvasic/Projects/Yole/build/reports/problems/problems-report.html

Deprecated Gradle features were used in this build, making it incompatible with Gradle 9.0.

You can use '--warning-mode all' to show the individual deprecation warnings and determine if they come from your own scripts or plugins.

For more on this, please refer to https://docs.gradle.org/8.11.1/userguide/command_line_interface.html#sec:command_line_warnings in the Gradle documentation.

BUILD SUCCESSFUL in 26s
225 actionable tasks: 1 executed, 224 up-to-date
Configuration cache entry stored.
