To honour the JVM settings for this build a single-use Daemon process will be forked. For more on this, please refer to https://docs.gradle.org/8.11.1/userguide/gradle_daemon.html#sec:disabling_the_daemon in the Gradle documentation.
Daemon will be stopped at the end of the build 
Configuration on demand is an incubating feature.
Reusing configuration cache.
> Task :Formatters-KMP:preBuild UP-TO-DATE
> Task :Concurrency-KMP:preBuild UP-TO-DATE
> Task :Document-KMP:preBuild UP-TO-DATE
> Task :UI-Components-KMP:preBuild UP-TO-DATE
> Task :Auth-KMP:preBuild UP-TO-DATE
> Task :RateLimiter-KMP:preBuild UP-TO-DATE
> Task :Config-KMP:preBuild UP-TO-DATE
> Task :Database-KMP:preBuild UP-TO-DATE
> Task :Config-KMP:preDebugBuild UP-TO-DATE
> Task :Auth-KMP:preDebugBuild UP-TO-DATE
> Task :Formatters-KMP:preDebugBuild UP-TO-DATE
> Task :Document-KMP:preDebugBuild UP-TO-DATE
> Task :UI-Components-KMP:preDebugBuild UP-TO-DATE
> Task :RateLimiter-KMP:preDebugBuild UP-TO-DATE
> Task :Concurrency-KMP:preDebugBuild UP-TO-DATE
> Task :Database-KMP:preDebugBuild UP-TO-DATE
> Task :Storage-KMP:preBuild UP-TO-DATE
> Task :Storage-KMP:checkKotlinGradlePluginConfigurationErrors SKIPPED
> Task :Storage-KMP:preDebugBuild UP-TO-DATE
> Task :Security-KMP:preBuild UP-TO-DATE
> Task :Security-KMP:preDebugBuild UP-TO-DATE
> Task :Concurrency-KMP:writeDebugAarMetadata
> Task :Auth-KMP:writeDebugAarMetadata
> Task :Config-KMP:writeDebugAarMetadata
> Task :Config-KMP:generateDebugResValues
> Task :Concurrency-KMP:generateDebugResValues
> Task :Security-KMP:generateDebugResValues
> Task :Auth-KMP:generateDebugResValues
> Task :Storage-KMP:generateDebugResValues
> Task :Security-KMP:checkKotlinGradlePluginConfigurationErrors SKIPPED
> Task :Document-KMP:writeDebugAarMetadata
> Task :Document-KMP:generateDebugResValues
> Task :Concurrency-KMP:generateDebugResources
> Task :Config-KMP:generateDebugResources
> Task :Auth-KMP:generateDebugResources
> Task :Security-KMP:generateDebugResources
> Task :Document-KMP:generateDebugResources
> Task :Security-KMP:extractDeepLinksDebug
> Task :Security-KMP:debugAssetsCopyForAGP NO-SOURCE
> Task :Database-KMP:writeDebugAarMetadata
> Task :Database-KMP:generateDebugResValues
> Task :Storage-KMP:generateDebugResources
> Task :Database-KMP:generateDebugResources
> Task :Security-KMP:packageDebugResources
> Task :Config-KMP:packageDebugResources
> Task :Document-KMP:packageDebugResources
> Task :Auth-KMP:packageDebugResources
> Task :Concurrency-KMP:packageDebugResources
> Task :Storage-KMP:packageDebugResources
> Task :Database-KMP:packageDebugResources
> Task :Database-KMP:extractDeepLinksDebug
> Task :Security-KMP:writeDebugAarMetadata
> Task :UI-Components-KMP:writeDebugAarMetadata
> Task :Security-KMP:processDebugManifest
> Task :RateLimiter-KMP:writeDebugAarMetadata
> Task :UI-Components-KMP:generateDebugResValues
> Task :RateLimiter-KMP:generateDebugResValues
> Task :Concurrency-KMP:extractDeepLinksDebug
> Task :Auth-KMP:extractDeepLinksDebug
> Task :Security-KMP:mergeDebugJniLibFolders
> Task :Storage-KMP:extractDeepLinksDebug
> Task :Config-KMP:extractDeepLinksDebug
> Task :Document-KMP:extractDeepLinksDebug
> Task :Security-KMP:mergeDebugShaders
> Task :UI-Components-KMP:generateDebugResources
> Task :RateLimiter-KMP:generateDebugResources
> Task :Security-KMP:compileDebugShaders NO-SOURCE
> Task :Security-KMP:mergeDebugNativeLibs NO-SOURCE
> Task :commons:preBuild UP-TO-DATE
> Task :androidApp:checkKotlinGradlePluginConfigurationErrors SKIPPED
> Task :androidApp:preBuild UP-TO-DATE
> Task :commons:preDebugBuild UP-TO-DATE
> Task :shared:preBuild UP-TO-DATE
> Task :androidApp:preDebugBuild UP-TO-DATE
> Task :shared:preDebugBuild UP-TO-DATE
> Task :Security-KMP:javaPreCompileDebug
> Task :Auth-KMP:processDebugManifest
> Task :androidApp:generateDebugResValues
> Task :UI-Components-KMP:packageDebugResources
> Task :RateLimiter-KMP:packageDebugResources
> Task :Database-KMP:processDebugManifest
> Task :Formatters-KMP:writeDebugAarMetadata
> Task :androidApp:generateDebugBuildConfig
> Task :Formatters-KMP:generateDebugResValues
> Task :Formatters-KMP:generateDebugResources
> Task :RateLimiter-KMP:extractDeepLinksDebug
> Task :UI-Components-KMP:extractDeepLinksDebug
> Task :copyRepoFiles
> Task :androidApp:processDebugGoogleServices
> Task :shared:generateDebugResValues
> Task :commons:generateDebugResValues
> Task :shared:writeDebugAarMetadata
> Task :shared:generateDebugResources
> Task :commons:generateDebugResources
> Task :androidApp:injectCrashlyticsMappingFileIdDebug
> Task :androidApp:generateDebugResources
> Task :androidApp:createDebugCompatibleScreenManifests
> Task :Concurrency-KMP:processDebugManifest
> Task :Formatters-KMP:packageDebugResources
> Task :commons:extractDeepLinksDebug
> Task :androidApp:extractDeepLinksDebug
> Task :Storage-KMP:writeDebugAarMetadata
> Task :shared:extractDeepLinksDebug
> Task :Security-KMP:generateDebugAssets UP-TO-DATE
> Task :Storage-KMP:processDebugManifest
> Task :commons:checkKotlinGradlePluginConfigurationErrors SKIPPED
> Task :Formatters-KMP:extractDeepLinksDebug
> Task :commons:generateDebugBuildConfig
> Task :commons:packageDebugResources
> Task :shared:packageDebugResources
> Task :commons:writeDebugAarMetadata
> Task :Config-KMP:processDebugManifest
> Task :UI-Components-KMP:processDebugManifest
> Task :commons:processDebugManifest
> Task :shared:processDebugManifest
> Task :Formatters-KMP:processDebugManifest
> Task :Security-KMP:parseDebugLocalResources
> Task :commons:javaPreCompileDebug
> Task :RateLimiter-KMP:processDebugManifest
> Task :Database-KMP:parseDebugLocalResources
> Task :Security-KMP:compileDebugLibraryResources
> Task :shared:checkKotlinGradlePluginConfigurationErrors SKIPPED
> Task :Storage-KMP:parseDebugLocalResources
> Task :shared:convertXmlValueResourcesForAndroidMain NO-SOURCE
> Task :shared:copyNonXmlValueResourcesForAndroidMain NO-SOURCE
> Task :shared:prepareComposeResourcesTaskForAndroidMain NO-SOURCE
> Task :shared:generateResourceAccessorsForAndroidMain SKIPPED
> Task :Security-KMP:mergeDebugAssets
> Task :shared:convertXmlValueResourcesForCommonMain NO-SOURCE
> Task :shared:copyNonXmlValueResourcesForCommonMain NO-SOURCE
> Task :shared:prepareComposeResourcesTaskForCommonMain NO-SOURCE
> Task :shared:generateResourceAccessorsForCommonMain SKIPPED
> Task :shared:generateActualResourceCollectorsForAndroidMain SKIPPED
> Task :shared:generateComposeResClass SKIPPED
> Task :shared:generateExpectResourceCollectorsForCommonMain SKIPPED
> Task :commons:compileDebugLibraryResources
> Task :shared:convertXmlValueResourcesForAndroidDebug NO-SOURCE
> Task :shared:copyNonXmlValueResourcesForAndroidDebug NO-SOURCE
> Task :shared:prepareComposeResourcesTaskForAndroidDebug NO-SOURCE
> Task :shared:generateResourceAccessorsForAndroidDebug SKIPPED
> Task :Auth-KMP:parseDebugLocalResources
> Task :UI-Components-KMP:parseDebugLocalResources
> Task :androidApp:javaPreCompileDebug
> Task :androidApp:preDebugAndroidTestBuild SKIPPED
> Task :Config-KMP:parseDebugLocalResources
> Task :Storage-KMP:generateDebugRFile
> Task :Document-KMP:processDebugManifest
> Task :shared:compileDebugLibraryResources
> Task :Storage-KMP:compileDebugLibraryResources
> Task :androidApp:mapDebugSourceSetPaths
> Task :Formatters-KMP:parseDebugLocalResources
> Task :UI-Components-KMP:generateDebugRFile
> Task :Auth-KMP:generateDebugRFile
> Task :RateLimiter-KMP:parseDebugLocalResources
> Task :Auth-KMP:compileDebugLibraryResources
> Task :Auth-KMP:checkKotlinGradlePluginConfigurationErrors SKIPPED
> Task :Formatters-KMP:generateDebugRFile
> Task :Formatters-KMP:compileDebugLibraryResources
> Task :Formatters-KMP:checkKotlinGradlePluginConfigurationErrors SKIPPED
> Task :Config-KMP:generateDebugRFile
> Task :shared:javaPreCompileDebug
> Task :shared:parseDebugLocalResources
> Task :RateLimiter-KMP:generateDebugRFile
> Task :androidApp:generateDebugAndroidTestResValues
> Task :Document-KMP:parseDebugLocalResources
> Task :Security-KMP:generateDebugRFile
> Task :Database-KMP:generateDebugRFile
> Task :androidApp:javaPreCompileDebugAndroidTest
> Task :Config-KMP:compileDebugLibraryResources
> Task :UI-Components-KMP:compileDebugLibraryResources
> Task :androidApp:generateDebugAndroidTestResources
> Task :Config-KMP:checkKotlinGradlePluginConfigurationErrors SKIPPED
> Task :UI-Components-KMP:checkKotlinGradlePluginConfigurationErrors SKIPPED
> Task :UI-Components-KMP:convertXmlValueResourcesForAndroidMain NO-SOURCE
> Task :androidApp:mapDebugAndroidTestSourceSetPaths
> Task :UI-Components-KMP:copyNonXmlValueResourcesForAndroidMain NO-SOURCE
> Task :UI-Components-KMP:prepareComposeResourcesTaskForAndroidMain NO-SOURCE
> Task :UI-Components-KMP:generateResourceAccessorsForAndroidMain SKIPPED
> Task :UI-Components-KMP:convertXmlValueResourcesForCommonMain NO-SOURCE
> Task :UI-Components-KMP:copyNonXmlValueResourcesForCommonMain NO-SOURCE
> Task :UI-Components-KMP:prepareComposeResourcesTaskForCommonMain NO-SOURCE
> Task :UI-Components-KMP:generateResourceAccessorsForCommonMain SKIPPED
> Task :UI-Components-KMP:generateActualResourceCollectorsForAndroidMain SKIPPED
> Task :Database-KMP:compileDebugLibraryResources
> Task :UI-Components-KMP:generateComposeResClass SKIPPED
> Task :Database-KMP:checkKotlinGradlePluginConfigurationErrors SKIPPED
> Task :UI-Components-KMP:generateExpectResourceCollectorsForCommonMain SKIPPED
> Task :UI-Components-KMP:convertXmlValueResourcesForAndroidDebug NO-SOURCE
> Task :UI-Components-KMP:copyNonXmlValueResourcesForAndroidDebug NO-SOURCE
> Task :UI-Components-KMP:prepareComposeResourcesTaskForAndroidDebug NO-SOURCE
> Task :UI-Components-KMP:generateResourceAccessorsForAndroidDebug SKIPPED
> Task :androidApp:mergeDebugShaders
> Task :androidApp:compileDebugShaders NO-SOURCE
> Task :androidApp:generateDebugAssets UP-TO-DATE
> Task :androidApp:checkDebugAarMetadata
> Task :shared:mergeDebugShaders
> Task :Document-KMP:generateDebugRFile
> Task :shared:compileDebugShaders NO-SOURCE
> Task :shared:copyDebugComposeResourcesToAndroidAssets
> Task :shared:debugAssetsCopyForAGP NO-SOURCE
> Task :shared:generateDebugAssets UP-TO-DATE
> Task :commons:mergeDebugShaders
> Task :commons:compileDebugShaders NO-SOURCE
> Task :commons:generateDebugAssets UP-TO-DATE
> Task :shared:mergeDebugAssets
> Task :commons:parseDebugLocalResources
> Task :androidApp:checkDebugAndroidTestAarMetadata
> Task :androidApp:desugarDebugFileDependencies
> Task :commons:mergeDebugAssets
> Task :commons:mergeDebugJniLibFolders
> Task :commons:mergeDebugNativeLibs NO-SOURCE
> Task :RateLimiter-KMP:compileDebugLibraryResources
> Task :RateLimiter-KMP:checkKotlinGradlePluginConfigurationErrors SKIPPED
> Task :commons:copyDebugJniLibsProjectOnly
> Task :androidApp:mergeDebugJniLibFolders
> Task :shared:mergeDebugJniLibFolders
> Task :shared:mergeDebugNativeLibs NO-SOURCE
> Task :Concurrency-KMP:parseDebugLocalResources
> Task :Document-KMP:compileDebugLibraryResources
> Task :Document-KMP:checkKotlinGradlePluginConfigurationErrors SKIPPED
> Task :androidApp:validateSigningDebug
> Task :androidApp:writeDebugAppMetadata
> Task :androidApp:mergeDebugAndroidTestResources
> Task :androidApp:writeDebugSigningConfigVersions
> Task :Concurrency-KMP:generateDebugRFile
> Task :androidApp:mergeDebugAndroidTestShaders
> Task :androidApp:processDebugAndroidTestManifest
> Task :androidApp:generateDebugAndroidTestBuildConfig
> Task :androidApp:compileDebugAndroidTestShaders NO-SOURCE
> Task :androidApp:generateDebugAndroidTestAssets UP-TO-DATE
> Task :androidApp:desugarDebugAndroidTestFileDependencies
> Task :Concurrency-KMP:compileDebugLibraryResources
> Task :Concurrency-KMP:checkKotlinGradlePluginConfigurationErrors SKIPPED
> Task :androidApp:checkDebugDuplicateClasses
> Task :androidApp:processDebugMainManifest
> Task :androidApp:processDebugManifest
> Task :androidApp:processDebugManifestForPackage
> Task :androidApp:validateSigningDebugAndroidTest
> Task :androidApp:writeDebugAndroidTestSigningConfigVersions
> Task :Security-KMP:copyDebugJniLibsProjectOnly
> Task :Storage-KMP:javaPreCompileDebug
> Task :Storage-KMP:mergeDebugShaders
> Task :Storage-KMP:compileDebugShaders NO-SOURCE
> Task :Storage-KMP:debugAssetsCopyForAGP NO-SOURCE
> Task :Storage-KMP:generateDebugAssets UP-TO-DATE
> Task :androidApp:mergeDebugAndroidTestJniLibFolders
> Task :Storage-KMP:mergeDebugJniLibFolders
> Task :Storage-KMP:mergeDebugNativeLibs NO-SOURCE
> Task :Storage-KMP:copyDebugJniLibsProjectOnly
> Task :Auth-KMP:javaPreCompileDebug
> Task :Storage-KMP:mergeDebugAssets
> Task :Auth-KMP:debugAssetsCopyForAGP NO-SOURCE
> Task :shared:copyDebugJniLibsProjectOnly
> Task :Auth-KMP:mergeDebugJniLibFolders
> Task :Auth-KMP:mergeDebugNativeLibs NO-SOURCE
> Task :Auth-KMP:copyDebugJniLibsProjectOnly
> Task :Formatters-KMP:mergeDebugShaders
> Task :Formatters-KMP:compileDebugShaders NO-SOURCE
> Task :Formatters-KMP:debugAssetsCopyForAGP NO-SOURCE
> Task :Formatters-KMP:generateDebugAssets UP-TO-DATE
> Task :Formatters-KMP:javaPreCompileDebug
> Task :Formatters-KMP:mergeDebugJniLibFolders
> Task :Formatters-KMP:mergeDebugNativeLibs NO-SOURCE
> Task :Formatters-KMP:copyDebugJniLibsProjectOnly
> Task :Formatters-KMP:mergeDebugAssets
> Task :commons:generateDebugRFile
> Task :RateLimiter-KMP:javaPreCompileDebug
> Task :RateLimiter-KMP:debugAssetsCopyForAGP NO-SOURCE

> Task :Formatters-KMP:compileDebugKotlinAndroid
e: The daemon has terminated unexpectedly on startup attempt #1 with error code: 0. The daemon process output:
    1. Kotlin compile daemon is ready

> Task :RateLimiter-KMP:mergeDebugJniLibFolders
> Task :RateLimiter-KMP:mergeDebugNativeLibs NO-SOURCE

> Task :Security-KMP:compileDebugKotlinAndroid
w: file:///Users/milosvasic/Projects/Security-KMP/src/androidMain/kotlin/digital/vasic/security/SecureStorageFactory.android.kt:7:1 'expect'/'actual' classes (including interfaces, objects, annotations, enums, and 'actual' typealiases) are in Beta. You can use -Xexpect-actual-classes flag to suppress this warning. Also see: https://youtrack.jetbrains.com/issue/KT-61573
w: file:///Users/milosvasic/Projects/Security-KMP/src/commonMain/kotlin/digital/vasic/security/SecureStorageFactory.kt:6:1 'expect'/'actual' classes (including interfaces, objects, annotations, enums, and 'actual' typealiases) are in Beta. You can use -Xexpect-actual-classes flag to suppress this warning. Also see: https://youtrack.jetbrains.com/issue/KT-61573

> Task :RateLimiter-KMP:mergeDebugShaders
> Task :RateLimiter-KMP:copyDebugJniLibsProjectOnly
> Task :RateLimiter-KMP:compileDebugShaders NO-SOURCE
> Task :androidApp:checkDebugAndroidTestDuplicateClasses
> Task :RateLimiter-KMP:generateDebugAssets UP-TO-DATE
> Task :Formatters-KMP:compileDebugJavaWithJavac NO-SOURCE
> Task :RateLimiter-KMP:mergeDebugAssets
> Task :Formatters-KMP:processDebugJavaRes
> Task :Security-KMP:compileDebugJavaWithJavac NO-SOURCE
> Task :Security-KMP:processDebugJavaRes
> Task :shared:generateDebugRFile
> Task :Database-KMP:compileDebugKotlinAndroid
> Task :Security-KMP:bundleLibRuntimeToDirDebug
> Task :Security-KMP:bundleLibCompileToJarDebug
> Task :Formatters-KMP:bundleLibCompileToJarDebug
> Task :Database-KMP:javaPreCompileDebug
> Task :Database-KMP:compileDebugJavaWithJavac NO-SOURCE
> Task :Database-KMP:bundleLibCompileToJarDebug
> Task :Database-KMP:mergeDebugShaders
> Task :Database-KMP:compileDebugShaders NO-SOURCE
> Task :Database-KMP:debugAssetsCopyForAGP NO-SOURCE
> Task :Database-KMP:generateDebugAssets UP-TO-DATE
> Task :Formatters-KMP:bundleLibRuntimeToDirDebug
> Task :Storage-KMP:compileDebugKotlinAndroid
> Task :Storage-KMP:compileDebugJavaWithJavac NO-SOURCE
> Task :Database-KMP:mergeDebugAssets
> Task :Database-KMP:processDebugJavaRes
> Task :Config-KMP:mergeDebugShaders
> Task :Concurrency-KMP:compileDebugKotlinAndroid
> Task :Storage-KMP:processDebugJavaRes
> Task :Auth-KMP:mergeDebugShaders
> Task :Auth-KMP:compileDebugShaders NO-SOURCE
> Task :Auth-KMP:generateDebugAssets UP-TO-DATE
> Task :Auth-KMP:compileDebugKotlinAndroid
> Task :Auth-KMP:compileDebugJavaWithJavac NO-SOURCE
> Task :Database-KMP:bundleLibRuntimeToDirDebug
> Task :androidApp:mergeDebugResources
> Task :Concurrency-KMP:javaPreCompileDebug
> Task :Concurrency-KMP:compileDebugJavaWithJavac NO-SOURCE
> Task :Concurrency-KMP:bundleLibCompileToJarDebug
> Task :Database-KMP:mergeDebugJniLibFolders
> Task :Database-KMP:mergeDebugNativeLibs NO-SOURCE
> Task :Config-KMP:javaPreCompileDebug
> Task :Database-KMP:copyDebugJniLibsProjectOnly
> Task :Storage-KMP:bundleLibRuntimeToDirDebug
> Task :Config-KMP:compileDebugKotlinAndroid
> Task :Auth-KMP:processDebugJavaRes
> Task :Storage-KMP:bundleLibCompileToJarDebug
> Task :Config-KMP:compileDebugShaders NO-SOURCE
> Task :Concurrency-KMP:mergeDebugShaders
> Task :Config-KMP:debugAssetsCopyForAGP NO-SOURCE
> Task :Concurrency-KMP:compileDebugShaders NO-SOURCE
> Task :Config-KMP:compileDebugJavaWithJavac NO-SOURCE
> Task :Config-KMP:generateDebugAssets UP-TO-DATE
> Task :Concurrency-KMP:debugAssetsCopyForAGP NO-SOURCE
> Task :Concurrency-KMP:generateDebugAssets UP-TO-DATE
> Task :Auth-KMP:bundleLibCompileToJarDebug
> Task :Config-KMP:mergeDebugAssets
> Task :Config-KMP:processDebugJavaRes
> Task :Auth-KMP:bundleLibRuntimeToDirDebug
> Task :Auth-KMP:mergeDebugAssets
> Task :Config-KMP:bundleLibCompileToJarDebug
> Task :Concurrency-KMP:mergeDebugAssets
> Task :Concurrency-KMP:processDebugJavaRes
> Task :Document-KMP:javaPreCompileDebug
> Task :Concurrency-KMP:bundleLibRuntimeToDirDebug
> Task :Config-KMP:bundleLibRuntimeToDirDebug
> Task :Concurrency-KMP:mergeDebugJniLibFolders
> Task :Concurrency-KMP:mergeDebugNativeLibs NO-SOURCE
> Task :Document-KMP:mergeDebugShaders
> Task :Document-KMP:compileDebugShaders NO-SOURCE
> Task :Document-KMP:debugAssetsCopyForAGP NO-SOURCE
> Task :Document-KMP:generateDebugAssets UP-TO-DATE
> Task :Concurrency-KMP:copyDebugJniLibsProjectOnly
> Task :Document-KMP:mergeDebugAssets
> Task :Config-KMP:mergeDebugJniLibFolders
> Task :androidApp:mergeExtDexDebugAndroidTest
> Task :Config-KMP:mergeDebugNativeLibs NO-SOURCE
> Task :UI-Components-KMP:javaPreCompileDebug
> Task :Config-KMP:copyDebugJniLibsProjectOnly
> Task :UI-Components-KMP:mergeDebugShaders
> Task :UI-Components-KMP:debugAssetsCopyForAGP NO-SOURCE
> Task :UI-Components-KMP:compileDebugShaders NO-SOURCE
> Task :UI-Components-KMP:generateDebugAssets UP-TO-DATE
> Task :UI-Components-KMP:copyDebugComposeResourcesToAndroidAssets
> Task :Document-KMP:mergeDebugJniLibFolders
> Task :Document-KMP:mergeDebugNativeLibs NO-SOURCE
> Task :UI-Components-KMP:mergeDebugAssets
> Task :Document-KMP:copyDebugJniLibsProjectOnly
> Task :UI-Components-KMP:mergeDebugJniLibFolders
> Task :UI-Components-KMP:mergeDebugNativeLibs NO-SOURCE
> Task :UI-Components-KMP:copyDebugJniLibsProjectOnly
> Task :RateLimiter-KMP:compileDebugKotlinAndroid
> Task :RateLimiter-KMP:compileDebugJavaWithJavac NO-SOURCE
> Task :RateLimiter-KMP:bundleLibCompileToJarDebug
> Task :RateLimiter-KMP:processDebugJavaRes
> Task :RateLimiter-KMP:bundleLibRuntimeToDirDebug
> Task :androidApp:mergeDebugAndroidTestAssets
> Task :androidApp:mergeDebugAssets
> Task :androidApp:compressDebugAssets
> Task :androidApp:compressDebugAndroidTestAssets
> Task :androidApp:processDebugAndroidTestResources
> Task :androidApp:mergeDebugNativeLibs
> Task :androidApp:mergeDebugAndroidTestNativeLibs NO-SOURCE
> Task :androidApp:stripDebugAndroidTestDebugSymbols NO-SOURCE

> Task :androidApp:stripDebugDebugSymbols
Unable to strip the following libraries, packaging them as they are: libandroidx.graphics.path.so, libdatastore_shared_counter.so.

> Task :Document-KMP:compileDebugKotlinAndroid
> Task :Document-KMP:compileDebugJavaWithJavac NO-SOURCE
> Task :Document-KMP:processDebugJavaRes
> Task :Document-KMP:bundleLibRuntimeToDirDebug
> Task :Document-KMP:bundleLibCompileToJarDebug
> Task :androidApp:processDebugResources
> Task :UI-Components-KMP:compileDebugKotlinAndroid
> Task :UI-Components-KMP:compileDebugJavaWithJavac NO-SOURCE
> Task :UI-Components-KMP:processDebugJavaRes
> Task :UI-Components-KMP:bundleLibCompileToJarDebug
> Task :UI-Components-KMP:bundleLibRuntimeToDirDebug
> Task :androidApp:mergeExtDexDebug

> Task :commons:compileDebugKotlin
w: file:///Users/milosvasic/Projects/Yole/commons/src/main/kotlin/digital/vasic/opoc/util/GsContextUtils.kt:120:24 'constructor(): GsContextUtils' is deprecated. Use specialized utility classes instead: GsResourceUtils, GsStorageUtils, GsImageUtils, GsIntentUtils, GsUiUtils.
w: file:///Users/milosvasic/Projects/Yole/commons/src/main/kotlin/digital/vasic/opoc/util/GsStorageUtils.kt:684:29 Condition is always 'false'.
w: file:///Users/milosvasic/Projects/Yole/commons/src/main/kotlin/digital/vasic/opoc/util/GsUiUtils.kt:326:13 Condition is always 'true'.

> Task :commons:processDebugJavaRes
> Task :commons:compileDebugJavaWithJavac
> Task :commons:bundleLibRuntimeToDirDebug
> Task :commons:bundleLibCompileToJarDebug

> Task :shared:compileDebugKotlinAndroid
w: file:///Users/milosvasic/Projects/Yole/shared/src/androidMain/kotlin/digital/vasic/yole/network/platform/PlatformFileIOFactory.android.kt:10:1 'expect'/'actual' classes (including interfaces, objects, annotations, enums, and 'actual' typealiases) are in Beta. You can use -Xexpect-actual-classes flag to suppress this warning. Also see: https://youtrack.jetbrains.com/issue/KT-61573
w: file:///Users/milosvasic/Projects/Yole/shared/src/androidMain/kotlin/digital/vasic/yole/network/platform/SecureStorageFactory.android.kt:21:1 'expect'/'actual' classes (including interfaces, objects, annotations, enums, and 'actual' typealiases) are in Beta. You can use -Xexpect-actual-classes flag to suppress this warning. Also see: https://youtrack.jetbrains.com/issue/KT-61573
w: file:///Users/milosvasic/Projects/Yole/shared/src/androidMain/kotlin/digital/vasic/yole/network/protocols/ftp/FtpProtocolClient.kt:32:1 'expect'/'actual' classes (including interfaces, objects, annotations, enums, and 'actual' typealiases) are in Beta. You can use -Xexpect-actual-classes flag to suppress this warning. Also see: https://youtrack.jetbrains.com/issue/KT-61573
w: file:///Users/milosvasic/Projects/Yole/shared/src/androidMain/kotlin/digital/vasic/yole/network/protocols/sftp/SshClient.kt:31:1 'expect'/'actual' classes (including interfaces, objects, annotations, enums, and 'actual' typealiases) are in Beta. You can use -Xexpect-actual-classes flag to suppress this warning. Also see: https://youtrack.jetbrains.com/issue/KT-61573
w: file:///Users/milosvasic/Projects/Yole/shared/src/androidMain/kotlin/digital/vasic/yole/network/protocols/sftp/SshClient.kt:110:1 'expect'/'actual' classes (including interfaces, objects, annotations, enums, and 'actual' typealiases) are in Beta. You can use -Xexpect-actual-classes flag to suppress this warning. Also see: https://youtrack.jetbrains.com/issue/KT-61573
w: file:///Users/milosvasic/Projects/Yole/shared/src/androidMain/kotlin/digital/vasic/yole/network/protocols/smb/SmbProtocolClient.kt:34:1 'expect'/'actual' classes (including interfaces, objects, annotations, enums, and 'actual' typealiases) are in Beta. You can use -Xexpect-actual-classes flag to suppress this warning. Also see: https://youtrack.jetbrains.com/issue/KT-61573
w: file:///Users/milosvasic/Projects/Yole/shared/src/androidMain/kotlin/digital/vasic/yole/util/FileStorage.android.kt:15:1 'expect'/'actual' classes (including interfaces, objects, annotations, enums, and 'actual' typealiases) are in Beta. You can use -Xexpect-actual-classes flag to suppress this warning. Also see: https://youtrack.jetbrains.com/issue/KT-61573
w: file:///Users/milosvasic/Projects/Yole/shared/src/commonMain/kotlin/digital/vasic/yole/network/platform/PlatformFileIOFactory.kt:13:1 'expect'/'actual' classes (including interfaces, objects, annotations, enums, and 'actual' typealiases) are in Beta. You can use -Xexpect-actual-classes flag to suppress this warning. Also see: https://youtrack.jetbrains.com/issue/KT-61573
w: file:///Users/milosvasic/Projects/Yole/shared/src/commonMain/kotlin/digital/vasic/yole/network/platform/SecureStorage.kt:169:1 'expect'/'actual' classes (including interfaces, objects, annotations, enums, and 'actual' typealiases) are in Beta. You can use -Xexpect-actual-classes flag to suppress this warning. Also see: https://youtrack.jetbrains.com/issue/KT-61573
w: file:///Users/milosvasic/Projects/Yole/shared/src/commonMain/kotlin/digital/vasic/yole/network/protocols/ftp/FtpProtocolClient.kt:26:1 'expect'/'actual' classes (including interfaces, objects, annotations, enums, and 'actual' typealiases) are in Beta. You can use -Xexpect-actual-classes flag to suppress this warning. Also see: https://youtrack.jetbrains.com/issue/KT-61573
w: file:///Users/milosvasic/Projects/Yole/shared/src/commonMain/kotlin/digital/vasic/yole/network/protocols/sftp/SshClient.kt:20:1 'expect'/'actual' classes (including interfaces, objects, annotations, enums, and 'actual' typealiases) are in Beta. You can use -Xexpect-actual-classes flag to suppress this warning. Also see: https://youtrack.jetbrains.com/issue/KT-61573
w: file:///Users/milosvasic/Projects/Yole/shared/src/commonMain/kotlin/digital/vasic/yole/network/protocols/sftp/SshClient.kt:46:1 'expect'/'actual' classes (including interfaces, objects, annotations, enums, and 'actual' typealiases) are in Beta. You can use -Xexpect-actual-classes flag to suppress this warning. Also see: https://youtrack.jetbrains.com/issue/KT-61573
w: file:///Users/milosvasic/Projects/Yole/shared/src/commonMain/kotlin/digital/vasic/yole/network/protocols/smb/SmbProtocolClient.kt:20:1 'expect'/'actual' classes (including interfaces, objects, annotations, enums, and 'actual' typealiases) are in Beta. You can use -Xexpect-actual-classes flag to suppress this warning. Also see: https://youtrack.jetbrains.com/issue/KT-61573
w: file:///Users/milosvasic/Projects/Yole/shared/src/commonMain/kotlin/digital/vasic/yole/util/FileStorage.kt:16:1 'expect'/'actual' classes (including interfaces, objects, annotations, enums, and 'actual' typealiases) are in Beta. You can use -Xexpect-actual-classes flag to suppress this warning. Also see: https://youtrack.jetbrains.com/issue/KT-61573

> Task :shared:compileDebugJavaWithJavac NO-SOURCE
> Task :shared:processDebugJavaRes
> Task :shared:bundleLibCompileToJarDebug
> Task :shared:bundleLibRuntimeToDirDebug
> Task :androidApp:mergeLibDexDebugAndroidTest
> Task :androidApp:mergeLibDexDebug

> Task :androidApp:compileDebugKotlin
w: file:///Users/milosvasic/Projects/Yole/androidApp/src/main/java/digital/vasic/yole/android/ui/Accessibility.kt:53:71 'static fun obtain(p0: Int): AccessibilityEvent!' is deprecated. Deprecated in Java.
w: file:///Users/milosvasic/Projects/Yole/androidApp/src/main/java/digital/vasic/yole/android/ui/YoleApp.kt:1059:29 'fun ClickableText(text: AnnotatedString, modifier: Modifier = ..., style: TextStyle = ..., softWrap: Boolean = ..., overflow: TextOverflow = ..., maxLines: Int = ..., onTextLayout: (TextLayoutResult) -> Unit = ..., onClick: (Int) -> Unit): Unit' is deprecated. Use Text or BasicText and pass an AnnotatedString that contains a LinkAnnotation.
w: file:///Users/milosvasic/Projects/Yole/androidApp/src/main/java/digital/vasic/yole/android/ui/YoleApp.kt:1719:44 'val Icons.Filled.List: ImageVector' is deprecated. Use the AutoMirrored version at Icons.AutoMirrored.Filled.List.
w: file:///Users/milosvasic/Projects/Yole/androidApp/src/main/java/digital/vasic/yole/android/ui/YoleApp.kt:1894:33 'val Icons.Filled.List: ImageVector' is deprecated. Use the AutoMirrored version at Icons.AutoMirrored.Filled.List.
w: file:///Users/milosvasic/Projects/Yole/androidApp/src/main/java/digital/vasic/yole/android/ui/YoleApp.kt:2475:35 'val Icons.Filled.List: ImageVector' is deprecated. Use the AutoMirrored version at Icons.AutoMirrored.Filled.List.
w: file:///Users/milosvasic/Projects/Yole/androidApp/src/main/java/digital/vasic/yole/android/ui/YoleApp.kt:2678:80 'val Icons.Filled.List: ImageVector' is deprecated. Use the AutoMirrored version at Icons.AutoMirrored.Filled.List.
w: file:///Users/milosvasic/Projects/Yole/androidApp/src/main/java/digital/vasic/yole/android/ui/YoleApp.kt:3734:35 'val Icons.Filled.List: ImageVector' is deprecated. Use the AutoMirrored version at Icons.AutoMirrored.Filled.List.
w: file:///Users/milosvasic/Projects/Yole/androidApp/src/main/java/digital/vasic/yole/android/ui/YoleApp.kt:4320:35 'val Icons.Filled.List: ImageVector' is deprecated. Use the AutoMirrored version at Icons.AutoMirrored.Filled.List.
w: file:///Users/milosvasic/Projects/Yole/androidApp/src/main/java/digital/vasic/yole/android/ui/theme/Theme.kt:187:24 'var statusBarColor: Int' is deprecated. Deprecated in Java.

> Task :androidApp:processDebugJavaRes
> Task :androidApp:compileDebugJavaWithJavac
> Task :androidApp:bundleDebugClassesToCompileJar
> Task :androidApp:mergeDebugJavaResource
> Task :androidApp:dexBuilderDebug
> Task :androidApp:mergeProjectDexDebug
> Task :androidApp:packageDebug
> Task :androidApp:createDebugApkListingFileRedirect

> Task :androidApp:compileDebugAndroidTestKotlin
w: file:///Users/milosvasic/Projects/Yole/androidApp/src/androidTest/kotlin/digital/vasic/yole/android/SaveTests.kt:15:8 'class ActivityTestRule<T : Activity!> : Any, TestRule' is deprecated. Deprecated in Java.
w: file:///Users/milosvasic/Projects/Yole/androidApp/src/androidTest/kotlin/digital/vasic/yole/android/SaveTests.kt:34:24 'constructor<T : Activity!>(activityClass: Class<T!>!, initialTouchMode: Boolean, launchActivity: Boolean): ActivityTestRule<T>' is deprecated. Deprecated in Java.

> Task :androidApp:processDebugAndroidTestJavaRes
> Task :androidApp:mergeDebugAndroidTestJavaResource
> Task :androidApp:compileDebugAndroidTestJavaWithJavac
> Task :androidApp:dexBuilderDebugAndroidTest
> Task :androidApp:mergeProjectDexDebugAndroidTest
> Task :androidApp:packageDebugAndroidTest
> Task :androidApp:createDebugAndroidTestApkListingFileRedirect

> Task :androidApp:connectedDebugAndroidTest
Starting 76 tests on yole-test(AVD) - 14

digital.vasic.yole.android.ui.EndToEndTest > testCompleteUserJourney[yole-test(AVD) - 14] [33mSKIPPED [0m

digital.vasic.yole.android.ui.EndToEndTest > testErrorRecoveryWorkflow[yole-test(AVD) - 14] [33mSKIPPED [0m

digital.vasic.yole.android.ui.EndToEndTest > testCompleteFileEditingWorkflow[yole-test(AVD) - 14] [33mSKIPPED [0m

digital.vasic.yole.android.ui.EndToEndTest > testPerformanceUnderLoad[yole-test(AVD) - 14] [33mSKIPPED [0m

digital.vasic.yole.android.ui.EndToEndTest > testBackupAndRestoreWorkflow[yole-test(AVD) - 14] [33mSKIPPED [0m

digital.vasic.yole.android.ui.EndToEndTest > testFormatSpecificWorkflows[yole-test(AVD) - 14] [33mSKIPPED [0m

digital.vasic.yole.android.ui.EndToEndTest > testSettingsConfigurationWorkflow[yole-test(AVD) - 14] [33mSKIPPED [0m

digital.vasic.yole.android.ui.EndToEndTest > testDataPersistenceAcrossSessions[yole-test(AVD) - 14] [33mSKIPPED [0m

digital.vasic.yole.android.ui.EndToEndTest > testCrossFeatureWorkflow[yole-test(AVD) - 14] [33mSKIPPED [0m

yole-test(AVD) - 14 Tests 34/76 completed. (9 skipped) (0 failed)
yole-test(AVD) - 14 Tests 44/76 completed. (9 skipped) (0 failed)

> Task :androidApp:connectedDebugAndroidTest

digital.vasic.yole.android.ui.YoleAppTest > testFileBrowserBasicFunctionality[yole-test(AVD) - 14] [33mSKIPPED [0m

yole-test(AVD) - 14 Tests 56/76 completed. (10 skipped) (0 failed)

> Task :androidApp:connectedDebugAndroidTest

digital.vasic.yole.android.ui.YoleAppTest > testTodoShowCompletedToggle[yole-test(AVD) - 14] [33mSKIPPED [0m

digital.vasic.yole.android.ui.YoleAppTest > testSettingsPersistence[yole-test(AVD) - 14] [33mSKIPPED [0m

digital.vasic.yole.android.ui.YoleAppTest > testFormatInformationDisplay[yole-test(AVD) - 14] [33mSKIPPED [0m

digital.vasic.yole.android.ui.YoleAppTest > testEditorScreenNavigation[yole-test(AVD) - 14] [33mSKIPPED [0m

digital.vasic.yole.android.ui.YoleAppTest > testFloatingActionButtonFunctionality[yole-test(AVD) - 14] [33mSKIPPED [0m

yole-test(AVD) - 14 Tests 76/76 completed. (15 skipped) (0 failed)
yole-test(AVD) - 14 Tests 85/76 completed. (15 skipped) (0 failed)

> Task :androidApp:connectedDebugAndroidTest

digital.vasic.yole.android.ui.YoleAppTest > testFormatRegistryIntegration[yole-test(AVD) - 14] [33mSKIPPED [0m

digital.vasic.yole.android.ui.YoleAppTest > testScreenNavigationWithAnimations[yole-test(AVD) - 14] [33mSKIPPED [0m

Finished 93 tests on yole-test(AVD) - 14
Kotlin build report is written to file:///Users/milosvasic/Projects/Yole/build/reports/kotlin-build/Yole-build-2026-05-13-09-58-07-0.txt

BUILD SUCCESSFUL in 2m 1s
286 actionable tasks: 286 executed
Configuration cache entry reused.
