To honour the JVM settings for this build a single-use Daemon process will be forked. For more on this, please refer to https://docs.gradle.org/8.11.1/userguide/gradle_daemon.html#sec:disabling_the_daemon in the Gradle documentation.
Daemon will be stopped at the end of the build 

> Configure project :
w: Kotlin Multiplatform <-> Android Gradle Plugin compatibility issue:
The applied Android Gradle Plugin version (8.9.0) is higher 
than the maximum known to the Kotlin Gradle Plugin.
Tooling stability in such configuration isn't tested, please report encountered issues to https://kotl.in/issue

Minimum supported Android Gradle Plugin version: 7.1
Maximum tested Android Gradle Plugin version: 8.5

To suppress this message add 'kotlin.mpp.androidGradlePluginCompatibility.nowarn=true' to your gradle.properties


> Task :checkKotlinGradlePluginConfigurationErrors SKIPPED
> Task :desktopProcessResources NO-SOURCE
> Task :desktopTestProcessResources NO-SOURCE
> Task :compileKotlinDesktop
> Task :desktopMainClasses
> Task :desktopJar UP-TO-DATE
> Task :compileTestKotlinDesktop
> Task :desktopTestClasses
> Task :desktopTest

BUILD SUCCESSFUL in 14s
4 actionable tasks: 3 executed, 1 up-to-date
