To honour the JVM settings for this build a single-use Daemon process will be forked. For more on this, please refer to https://docs.gradle.org/8.11.1/userguide/gradle_daemon.html#sec:disabling_the_daemon in the Gradle documentation.
Daemon will be stopped at the end of the build 
> Task :checkKotlinGradlePluginConfigurationErrors SKIPPED
> Task :convertXmlValueResourcesForCommonMain NO-SOURCE
> Task :copyNonXmlValueResourcesForCommonMain NO-SOURCE
> Task :prepareComposeResourcesTaskForCommonMain NO-SOURCE
> Task :generateResourceAccessorsForCommonMain SKIPPED
> Task :convertXmlValueResourcesForDesktopMain NO-SOURCE
> Task :copyNonXmlValueResourcesForDesktopMain NO-SOURCE
> Task :prepareComposeResourcesTaskForDesktopMain NO-SOURCE
> Task :generateResourceAccessorsForDesktopMain SKIPPED
> Task :generateActualResourceCollectorsForDesktopMain SKIPPED
> Task :generateComposeResClass SKIPPED
> Task :generateExpectResourceCollectorsForCommonMain SKIPPED
> Task :assembleDesktopMainResources
> Task :desktopProcessResources UP-TO-DATE
> Task :convertXmlValueResourcesForCommonTest NO-SOURCE
> Task :copyNonXmlValueResourcesForCommonTest NO-SOURCE
> Task :prepareComposeResourcesTaskForCommonTest NO-SOURCE
> Task :generateResourceAccessorsForCommonTest SKIPPED
> Task :convertXmlValueResourcesForDesktopTest NO-SOURCE
> Task :copyNonXmlValueResourcesForDesktopTest NO-SOURCE
> Task :prepareComposeResourcesTaskForDesktopTest NO-SOURCE
> Task :generateResourceAccessorsForDesktopTest SKIPPED
> Task :assembleDesktopTestResources
> Task :desktopTestProcessResources
> Task :compileKotlinDesktop
> Task :desktopMainClasses
> Task :desktopJar UP-TO-DATE
> Task :compileTestKotlinDesktop
> Task :desktopTestClasses
> Task :desktopTest
[Incubating] Problems report is available at: file:///Users/milosvasic/Projects/UI-Components-KMP/build/reports/problems/problems-report.html

Deprecated Gradle features were used in this build, making it incompatible with Gradle 9.0.

You can use '--warning-mode all' to show the individual deprecation warnings and determine if they come from your own scripts or plugins.

For more on this, please refer to https://docs.gradle.org/8.11.1/userguide/command_line_interface.html#sec:command_line_warnings in the Gradle documentation.

BUILD SUCCESSFUL in 21s
8 actionable tasks: 6 executed, 2 up-to-date
